make -C src/sys
make[1]: Entering directory '/work/src/sys'
riscv64-unknown-elf-gcc  -Wall -Werror=implicit-function-declaration -fno-omit-frame-pointer -ggdb3 -gdwarf-2 -mcmodel=medany -fno-pie -no-pie -march=rv64imazicsr -mabi=lp64 -fno-common -nostdlib -mno-relax -ffreestanding  -fno-asynchronous-unwind-tables -mno-riscv-attribute -I. -MMD -MP -c -o ../../build/kernel/assert.o assert.c
riscv64-unknown-elf-gcc  -Wall -Werror=implicit-function-declaration -fno-omit-frame-pointer -ggdb3 -gdwarf-2 -mcmodel=medany -fno-pie -no-pie -march=rv64imazicsr -mabi=lp64 -fno-common -nostdlib -mno-relax -ffreestanding  -fno-asynchronous-unwind-tables -mno-riscv-attribute -I. -MMD -MP -c -o ../../build/kernel/console.o console.c
riscv64-unknown-elf-gcc  -Wall -Werror=implicit-function-declaration -fno-omit-frame-pointer -ggdb3 -gdwarf-2 -mcmodel=medany -fno-pie -no-pie -march=rv64imazicsr -mabi=lp64 -fno-common -nostdlib -mno-relax -ffreestanding  -fno-asynchronous-unwind-tables -mno-riscv-attribute -I. -MMD -MP -c -o ../../build/kernel/cache.o cache.c
riscv64-unknown-elf-gcc  -Wall -Werror=implicit-function-declaration -fno-omit-frame-pointer -ggdb3 -gdwarf-2 -mcmodel=medany -fno-pie -no-pie -march=rv64imazicsr -mabi=lp64 -fno-common -nostdlib -mno-relax -ffreestanding  -fno-asynchronous-unwind-tables -mno-riscv-attribute -I. -MMD -MP -c -o ../../build/kernel/thread.o thread.c
riscv64-unknown-elf-gcc  -Wall -Werror=implicit-function-declaration -fno-omit-frame-pointer -ggdb3 -gdwarf-2 -mcmodel=medany -fno-pie -no-pie -march=rv64imazicsr -mabi=lp64 -fno-common -nostdlib -mno-relax -ffreestanding  -fno-asynchronous-unwind-tables -mno-riscv-attribute -I. -MMD -MP -c -o ../../build/kernel/device.o device.c
riscv64-unknown-elf-gcc  -Wall -Werror=implicit-function-declaration -fno-omit-frame-pointer -ggdb3 -gdwarf-2 -mcmodel=medany -fno-pie -no-pie -march=rv64imazicsr -mabi=lp64 -fno-common -nostdlib -mno-relax -ffreestanding  -fno-asynchronous-unwind-tables -mno-riscv-attribute -I. -MMD -MP -c -o ../../build/kernel/elf.o elf.c
riscv64-unknown-elf-gcc  -Wall -Werror=implicit-function-declaration -fno-omit-frame-pointer -ggdb3 -gdwarf-2 -mcmodel=medany -fno-pie -no-pie -march=rv64imazicsr -mabi=lp64 -fno-common -nostdlib -mno-relax -ffreestanding  -fno-asynchronous-unwind-tables -mno-riscv-attribute -I. -MMD -MP -c -o ../../build/kernel/error.o error.c
riscv64-unknown-elf-gcc  -Wall -Werror=implicit-function-declaration -fno-omit-frame-pointer -ggdb3 -gdwarf-2 -mcmodel=medany -fno-pie -no-pie -march=rv64imazicsr -mabi=lp64 -fno-common -nostdlib -mno-relax -ffreestanding  -fno-asynchronous-unwind-tables -mno-riscv-attribute -I. -MMD -MP -c -o ../../build/kernel/excp.o excp.c
riscv64-unknown-elf-gcc  -Wall -Werror=implicit-function-declaration -fno-omit-frame-pointer -ggdb3 -gdwarf-2 -mcmodel=medany -fno-pie -no-pie -march=rv64imazicsr -mabi=lp64 -fno-common -nostdlib -mno-relax -ffreestanding  -fno-asynchronous-unwind-tables -mno-riscv-attribute -I. -MMD -MP -c -o ../../build/kernel/heap0.o heap0.c
riscv64-unknown-elf-gcc  -Wall -Werror=implicit-function-declaration -fno-omit-frame-pointer -ggdb3 -gdwarf-2 -mcmodel=medany -fno-pie -no-pie -march=rv64imazicsr -mabi=lp64 -fno-common -nostdlib -mno-relax -ffreestanding  -fno-asynchronous-unwind-tables -mno-riscv-attribute -I. -MMD -MP -c -o ../../build/kernel/intr.o intr.c
riscv64-unknown-elf-gcc  -Wall -Werror=implicit-function-declaration -fno-omit-frame-pointer -ggdb3 -gdwarf-2 -mcmodel=medany -fno-pie -no-pie -march=rv64imazicsr -mabi=lp64 -fno-common -nostdlib -mno-relax -ffreestanding  -fno-asynchronous-unwind-tables -mno-riscv-attribute -I. -MMD -MP -c -o ../../build/kernel/io.o io.c
riscv64-unknown-elf-gcc  -Wall -Werror=implicit-function-declaration -fno-omit-frame-pointer -ggdb3 -gdwarf-2 -mcmodel=medany -fno-pie -no-pie -march=rv64imazicsr -mabi=lp64 -fno-common -nostdlib -mno-relax -ffreestanding  -fno-asynchronous-unwind-tables -mno-riscv-attribute -I. -MMD -MP -c -o ../../build/kernel/plic.o plic.c
riscv64-unknown-elf-as -march=rv64imazicsr -o ../../build/kernel/see.o see.s
riscv64-unknown-elf-as -march=rv64imazicsr -o ../../build/kernel/start.o start.s
riscv64-unknown-elf-gcc  -Wall -Werror=implicit-function-declaration -fno-omit-frame-pointer -ggdb3 -gdwarf-2 -mcmodel=medany -fno-pie -no-pie -march=rv64imazicsr -mabi=lp64 -fno-common -nostdlib -mno-relax -ffreestanding  -fno-asynchronous-unwind-tables -mno-riscv-attribute -I. -MMD -MP -c -o ../../build/kernel/string.o string.c
riscv64-unknown-elf-gcc  -Wall -Werror=implicit-function-declaration -fno-omit-frame-pointer -ggdb3 -gdwarf-2 -mcmodel=medany -fno-pie -no-pie -march=rv64imazicsr -mabi=lp64 -fno-common -nostdlib -mno-relax -ffreestanding  -fno-asynchronous-unwind-tables -mno-riscv-attribute -I. -MMD -MP -c -o ../../build/kernel/timer.o timer.c
riscv64-unknown-elf-as -march=rv64imazicsr -o ../../build/kernel/trap.o trap.s
riscv64-unknown-elf-gcc  -Wall -Werror=implicit-function-declaration -fno-omit-frame-pointer -ggdb3 -gdwarf-2 -mcmodel=medany -fno-pie -no-pie -march=rv64imazicsr -mabi=lp64 -fno-common -nostdlib -mno-relax -ffreestanding  -fno-asynchronous-unwind-tables -mno-riscv-attribute -I. -MMD -MP -c -o ../../build/kernel/ktfs.o ktfs.c
riscv64-unknown-elf-as -march=rv64imazicsr -o ../../build/kernel/thrasm.o thrasm.s
riscv64-unknown-elf-gcc  -Wall -Werror=implicit-function-declaration -fno-omit-frame-pointer -ggdb3 -gdwarf-2 -mcmodel=medany -fno-pie -no-pie -march=rv64imazicsr -mabi=lp64 -fno-common -nostdlib -mno-relax -ffreestanding  -fno-asynchronous-unwind-tables -mno-riscv-attribute -I. -MMD -MP -c -o ../../build/kernel/dev/viorng.o dev/viorng.c
riscv64-unknown-elf-gcc  -Wall -Werror=implicit-function-declaration -fno-omit-frame-pointer -ggdb3 -gdwarf-2 -mcmodel=medany -fno-pie -no-pie -march=rv64imazicsr -mabi=lp64 -fno-common -nostdlib -mno-relax -ffreestanding  -fno-asynchronous-unwind-tables -mno-riscv-attribute -I. -MMD -MP -c -o ../../build/kernel/dev/virtio.o dev/virtio.c
riscv64-unknown-elf-gcc  -Wall -Werror=implicit-function-declaration -fno-omit-frame-pointer -ggdb3 -gdwarf-2 -mcmodel=medany -fno-pie -no-pie -march=rv64imazicsr -mabi=lp64 -fno-common -nostdlib -mno-relax -ffreestanding  -fno-asynchronous-unwind-tables -mno-riscv-attribute -I. -MMD -MP -c -o ../../build/kernel/dev/vioblk.o dev/vioblk.c
riscv64-unknown-elf-gcc  -Wall -Werror=implicit-function-declaration -fno-omit-frame-pointer -ggdb3 -gdwarf-2 -mcmodel=medany -fno-pie -no-pie -march=rv64imazicsr -mabi=lp64 -fno-common -nostdlib -mno-relax -ffreestanding  -fno-asynchronous-unwind-tables -mno-riscv-attribute -I. -MMD -MP -c -o ../../build/kernel/dev/rtc.o dev/rtc.c
riscv64-unknown-elf-gcc  -Wall -Werror=implicit-function-declaration -fno-omit-frame-pointer -ggdb3 -gdwarf-2 -mcmodel=medany -fno-pie -no-pie -march=rv64imazicsr -mabi=lp64 -fno-common -nostdlib -mno-relax -ffreestanding  -fno-asynchronous-unwind-tables -mno-riscv-attribute -I. -MMD -MP -c -o ../../build/kernel/dev/uart.o dev/uart.c
riscv64-unknown-elf-gcc  -Wall -Werror=implicit-function-declaration -fno-omit-frame-pointer -ggdb3 -gdwarf-2 -mcmodel=medany -fno-pie -no-pie -march=rv64imazicsr -mabi=lp64 -fno-common -nostdlib -mno-relax -ffreestanding  -fno-asynchronous-unwind-tables -mno-riscv-attribute -I. -MMD -MP -c -o ../../build/kernel/memory.o memory.c
riscv64-unknown-elf-gcc  -Wall -Werror=implicit-function-declaration -fno-omit-frame-pointer -ggdb3 -gdwarf-2 -mcmodel=medany -fno-pie -no-pie -march=rv64imazicsr -mabi=lp64 -fno-common -nostdlib -mno-relax -ffreestanding  -fno-asynchronous-unwind-tables -mno-riscv-attribute -I. -MMD -MP -c -o ../../build/kernel/process.o process.c
riscv64-unknown-elf-gcc  -Wall -Werror=implicit-function-declaration -fno-omit-frame-pointer -ggdb3 -gdwarf-2 -mcmodel=medany -fno-pie -no-pie -march=rv64imazicsr -mabi=lp64 -fno-common -nostdlib -mno-relax -ffreestanding  -fno-asynchronous-unwind-tables -mno-riscv-attribute -I. -MMD -MP -c -o ../../build/kernel/syscall.o syscall.c
riscv64-unknown-elf-gcc  -Wall -Werror=implicit-function-declaration -fno-omit-frame-pointer -ggdb3 -gdwarf-2 -mcmodel=medany -fno-pie -no-pie -march=rv64imazicsr -mabi=lp64 -fno-common -nostdlib -mno-relax -ffreestanding  -fno-asynchronous-unwind-tables -mno-riscv-attribute -I. -MMD -MP -c -o ../../build/kernel/main.o main.c
echo .end | riscv64-unknown-elf-as -march=rv64imazicsr -o ../../build/kernel/blob.o
[ ! -f blob.raw ] || riscv64-unknown-elf-objcopy --add-section .rodata.blob=blob.raw --set-section-flags .rodata.blob=alloc,contents,load,readonly ../../build/kernel/blob.o
riscv64-unknown-elf-ld -melf64lriscv -T kernel.ld -o ../../build/kernel/kernel.elf ../../build/kernel/assert.o ../../build/kernel/console.o ../../build/kernel/cache.o ../../build/kernel/thread.o ../../build/kernel/device.o ../../build/kernel/elf.o ../../build/kernel/error.o ../../build/kernel/excp.o ../../build/kernel/heap0.o ../../build/kernel/intr.o ../../build/kernel/io.o ../../build/kernel/plic.o ../../build/kernel/see.o ../../build/kernel/start.o ../../build/kernel/string.o ../../build/kernel/timer.o ../../build/kernel/trap.o ../../build/kernel/ktfs.o ../../build/kernel/thrasm.o ../../build/kernel/dev/viorng.o ../../build/kernel/dev/virtio.o ../../build/kernel/dev/vioblk.o ../../build/kernel/dev/rtc.o ../../build/kernel/dev/uart.o ../../build/kernel/memory.o ../../build/kernel/process.o ../../build/kernel/syscall.o ../../build/kernel/main.o ../../build/kernel/blob.o
make[1]: Leaving directory '/work/src/sys'
make -C src/usr lab-smoke
make[1]: Entering directory '/work/src/usr'
riscv64-unknown-elf-gcc -Wall -ggdb3 -mcmodel=medany -march=rv64imazicsr -mabi=lp64 -ffreestanding -fno-common -fno-pie -nostdlib -mno-relax -I. -DUMODE -MMD -MP -c -o ../../build/user/io.o io.c
riscv64-unknown-elf-gcc -Wall -ggdb3 -mcmodel=medany -march=rv64imazicsr -mabi=lp64 -ffreestanding -fno-common -fno-pie -nostdlib -mno-relax -I. -DUMODE -MMD -MP -c -o ../../build/user/string.o string.c
riscv64-unknown-elf-gcc -Wall -ggdb3 -mcmodel=medany -march=rv64imazicsr -mabi=lp64 -ffreestanding -fno-common -fno-pie -nostdlib -mno-relax -I. -DUMODE -MMD -MP -c -o ../../build/user/syscall.o syscall.S
riscv64-unknown-elf-gcc -Wall -ggdb3 -mcmodel=medany -march=rv64imazicsr -mabi=lp64 -ffreestanding -fno-common -fno-pie -nostdlib -mno-relax -I. -DUMODE -MMD -MP -c -o ../../build/user/heap.o heap.c
riscv64-unknown-elf-gcc -Wall -ggdb3 -mcmodel=medany -march=rv64imazicsr -mabi=lp64 -ffreestanding -fno-common -fno-pie -nostdlib -mno-relax -I. -DUMODE -MMD -MP -c -o ../../build/user/start.o start.s
riscv64-unknown-elf-gcc -Wall -ggdb3 -mcmodel=medany -march=rv64imazicsr -mabi=lp64 -ffreestanding -fno-common -fno-pie -nostdlib -mno-relax -I. -DUMODE -MMD -MP -c -o ../../build/user/smoke.o smoke.c
riscv64-unknown-elf-ld -T umode.ld -o ../../build/user/smoke ../../build/user/io.o ../../build/user/string.o ../../build/user/syscall.o ../../build/user/heap.o ../../build/user/start.o ../../build/user/smoke.o
make[1]: Leaving directory '/work/src/usr'
python3 scripts/mkimage.py build/demo.raw --file build/user/smoke
Created build/demo.raw: 8388608 bytes, 1 files
python3 scripts/run_tests.py --mode smoke --no-build
           RAM: [0x80000000,0x80800000): 8 MB
  Kernel image: [0x80000000,0x8001d0b0)
Heap allocator: [0x8001d0b0,0x8001e000): 3 KB free
RISC-V Storage Systems Lab: KTFS mounted
<main:0> [PASS] user_exec_print

<main:0> [DONE] smoke 1

1 passed, 0 failed
